com\mycompany\logicgamesfinalproject\GameWin.class
com\mycompany\logicgamesfinalproject\GameSelectWin$4.class
com\mycompany\logicgamesfinalproject\GameBoardPanel$1.class
com\mycompany\logicgamesfinalproject\GameSelectWin$1.class
com\mycompany\logicgamesfinalproject\WelcomeWin$1.class
com\mycompany\logicgamesfinalproject\BoardCell.class
com\mycompany\logicgamesfinalproject\UserStatsWin.class
com\mycompany\logicgamesfinalproject\GameSelectWin.class
com\mycompany\logicgamesfinalproject\GameWin$1.class
com\mycompany\logicgamesfinalproject\GameBoardPanel.class
com\mycompany\logicgamesfinalproject\GameSelectWin$2.class
com\mycompany\logicgamesfinalproject\MemoryCells.class
com\mycompany\logicgamesfinalproject\WelcomeWin.class
com\mycompany\logicgamesfinalproject\DifficultyLevel$2.class
com\mycompany\logicgamesfinalproject\Player.class
com\mycompany\logicgamesfinalproject\UserStatsWin$1.class
com\mycompany\logicgamesfinalproject\WelcomeWin$3.class
com\mycompany\logicgamesfinalproject\DifficultyLevel$diff.class
com\mycompany\logicgamesfinalproject\MineSweeperCells.class
com\mycompany\logicgamesfinalproject\UserStatsWin$2.class
com\mycompany\logicgamesfinalproject\Updatable.class
com\mycompany\logicgamesfinalproject\WelcomeWin$2.class
com\mycompany\logicgamesfinalproject\DifficultyLevel$1.class
com\mycompany\logicgamesfinalproject\UserStatsWin$3.class
com\mycompany\logicgamesfinalproject\GameWin$2.class
com\mycompany\logicgamesfinalproject\LogicGamesFinalProject.class
com\mycompany\logicgamesfinalproject\DifficultyLevel.class
com\mycompany\logicgamesfinalproject\DifficultyLevel$3.class
com\mycompany\logicgamesfinalproject\GameSelectWin$3.class
