C:\Users\coope\OneDrive\Desktop\VisualProgrammingII\LogicGamesFinalProject\src\main\java\com\mycompany\logicgamesfinalproject\UserStatsWin.java
C:\Users\coope\OneDrive\Desktop\VisualProgrammingII\LogicGamesFinalProject\src\main\java\com\mycompany\logicgamesfinalproject\Player.java
C:\Users\coope\OneDrive\Desktop\VisualProgrammingII\LogicGamesFinalProject\src\main\java\com\mycompany\logicgamesfinalproject\GameBoardPanel.java
C:\Users\coope\OneDrive\Desktop\VisualProgrammingII\LogicGamesFinalProject\src\main\java\com\mycompany\logicgamesfinalproject\GameWin.java
C:\Users\coope\OneDrive\Desktop\VisualProgrammingII\LogicGamesFinalProject\src\main\java\com\mycompany\logicgamesfinalproject\BoardCell.java
C:\Users\coope\OneDrive\Desktop\VisualProgrammingII\LogicGamesFinalProject\src\main\java\com\mycompany\logicgamesfinalproject\GameSelectWin.java
C:\Users\coope\OneDrive\Desktop\VisualProgrammingII\LogicGamesFinalProject\src\main\java\com\mycompany\logicgamesfinalproject\MineSweeperCells.java
C:\Users\coope\OneDrive\Desktop\VisualProgrammingII\LogicGamesFinalProject\src\main\java\com\mycompany\logicgamesfinalproject\WelcomeWin.java
C:\Users\coope\OneDrive\Desktop\VisualProgrammingII\LogicGamesFinalProject\src\main\java\com\mycompany\logicgamesfinalproject\DifficultyLevel.java
C:\Users\coope\OneDrive\Desktop\VisualProgrammingII\LogicGamesFinalProject\src\main\java\com\mycompany\logicgamesfinalproject\MemoryCells.java
C:\Users\coope\OneDrive\Desktop\VisualProgrammingII\LogicGamesFinalProject\src\main\java\com\mycompany\logicgamesfinalproject\LogicGamesFinalProject.java
C:\Users\coope\OneDrive\Desktop\VisualProgrammingII\LogicGamesFinalProject\src\main\java\com\mycompany\logicgamesfinalproject\Updatable.java
